$$S_app$2dsheeps$2e_events:aa
$$S_app$2dsheeps$2esubs:ba
$$S_clojure$2estring:ca
$$S_re$2d_frame$2estd$2dinterce_dc3eb193:da
$$S_secretary$2e_core:ea
G__24551:ru
G__24552:su
G__24553:tu
G__24886_24890:Hu
G__24888_24892:Iu
JSCompiler_StaticMethods_assoc_BANG_:Bh
JSCompiler_StaticMethods_cljs$core$IMultiFn$_add_method$arity$3:hj
JSCompiler_StaticMethods_cljs$core$IMultiFn$_get_method$arity$2:gj
JSCompiler_StaticMethods_cljs$core$ITransientVector$_assoc_n_BANG_$arity$3:Gg
JSCompiler_StaticMethods_entry_at:Qh
JSCompiler_StaticMethods_forceChunk:ii
JSCompiler_StaticMethods_init$self$jscomp$inline_1456:Ru
JSCompiler_StaticMethods_re_frame$router$IEventQueue$_fsm_trigger$arity$3:lr
JSCompiler_StaticMethods_re_frame$router$IEventQueue$_pause$arity$2:or
JSCompiler_StaticMethods_re_frame$router$IEventQueue$_process_1st_event_in_queue$arity$1:mr
JSCompiler_StaticMethods_re_frame$router$IEventQueue$_run_next_tick$arity$1:nr
JSCompiler_StaticMethods_re_frame$router$IEventQueue$_run_queue$arity$1:kr
JSCompiler_StaticMethods_sval:Ie
JSCompiler_inline_result$jscomp$inline_1462:Vu
JSCompiler_prototypeAlias:g
L 0:a
L 1:b
L 10:n
L 11:p
L 12:t
L 13:x
L 14:B
L 15:G
L 16:E
L 17:P
L 18:W
L 19:ha
L 2:c
L 20:za
L 21:ab
L 22:Eg
L 3:d
L 4:e
L 5:f
L 6:h
L 7:k
L 8:l
L 9:m
app_sheeps$articles$article_data$about_anchor:Ou
app_sheeps$articles$article_data$github_anchor:Ku
app_sheeps$articles$article_data$in_progress:Qu
app_sheeps$articles$article_data$misc_anchor:Nu
app_sheeps$articles$article_data$portfolio_anchor:Pu
app_sheeps$articles$article_data$posts_anchor:Mu
app_sheeps$articles$article_data$twitter_anchor:Lu
app_sheeps$db$default_db:zu
app_sheeps$pages$homepage$link_styling_x:Ju
c__4609__auto___24550:qu
cached_hierarchy__4675__auto__$jscomp$inline_1405:Or
cb_24543:lu
cb_24557:wu
chunk__24350_24538:gu
cljs:Sa
cljs$core:Ta
cljs$core$ArrayChunk:Ke
cljs$core$ArrayNode:kh
cljs$core$ArrayNodeIterator:oh
cljs$core$ArrayNodeSeq:vh
cljs$core$Atom:zf
cljs$core$BitmapIndexedNode:gh
cljs$core$BitmapIndexedNode$EMPTY:jh
cljs$core$BlackNode:Gh
cljs$core$Box:$g
cljs$core$ChunkBuffer:Je
cljs$core$ChunkedCons:Me
cljs$core$ChunkedSeq:yg
cljs$core$Cons:Be
cljs$core$ES6EntriesIterator:Pg
cljs$core$ES6Iterator:Vc
cljs$core$ES6SetEntriesIterator:Qg
cljs$core$EmptyList:ze
cljs$core$ExceptionInfo:jj
cljs$core$Fn:qb
cljs$core$HashCollisionNode:sh
cljs$core$HashMapIter:xh
cljs$core$HashSetIter:Xh
cljs$core$ICollection:wb
cljs$core$IComparable:rc
cljs$core$ICounted:sb
cljs$core$IDeref:Tb
cljs$core$IEmptyableCollection:ub
cljs$core$IEncodeJS:Mi
cljs$core$IFn:rb
cljs$core$IIndexed:yb
cljs$core$IIterable:Bc
cljs$core$IKVReduce:Zb
cljs$core$IList:fc
cljs$core$ILookup:Fb
cljs$core$IMap:Jb
cljs$core$IMeta:Ub
cljs$core$INIT:mf
cljs$core$INext:Db
cljs$core$IPrintWithWriter:jc
cljs$core$IRecord:gc
cljs$core$IReduce:Xb
cljs$core$ISeq:Ab
cljs$core$ISeqable:cc
cljs$core$ISequential:ec
cljs$core$ISet:Nb
cljs$core$ITER_SYMBOL:lb
cljs$core$IVector:Rb
cljs$core$IndexedSeq:I
cljs$core$IndexedSeqIterator:od
cljs$core$KeySeq:Uh
cljs$core$Keyword:F
cljs$core$LazySeq:He
cljs$core$List:yd
cljs$core$List$EMPTY:Uc
cljs$core$MapEntry:mg
cljs$core$MetaFn:Ed
cljs$core$MultiFn:ej
cljs$core$NeverEquiv:Lg
cljs$core$NodeIterator:fh
cljs$core$NodeSeq:th
cljs$core$PROTOCOL_SENTINEL:r
cljs$core$PersistentArrayMap:u
cljs$core$PersistentArrayMap$EMPTY:lf
cljs$core$PersistentArrayMap$HASHMAP_THRESHOLD:Xg
cljs$core$PersistentArrayMap$createAsIfByAssoc:Bd
cljs$core$PersistentArrayMapIterator:Tg
cljs$core$PersistentArrayMapSeq:Sg
cljs$core$PersistentHashMap:yh
cljs$core$PersistentHashMap$EMPTY:Yg
cljs$core$PersistentHashMap$fromArrays:Ah
cljs$core$PersistentHashSet:Yh
cljs$core$PersistentHashSet$EMPTY:$h
cljs$core$PersistentQueue:Jg
cljs$core$PersistentQueue$EMPTY:Kg
cljs$core$PersistentQueueIter:Hg
cljs$core$PersistentQueueSeq:Ig
cljs$core$PersistentTreeMap:Ph
cljs$core$PersistentTreeMap$EMPTY:Rh
cljs$core$PersistentTreeMapSeq:Dh
cljs$core$PersistentVector:V
cljs$core$PersistentVector$EMPTY:xd
cljs$core$PersistentVector$EMPTY_NODE:X
cljs$core$PersistentVector$fromArray:sg
cljs$core$RSeq:pd
cljs$core$Range:hi
cljs$core$RangeChunk:fi
cljs$core$RangeIterator:gi
cljs$core$RangedIterator:ig
cljs$core$RecordIter:Og
cljs$core$RedNode:Z
cljs$core$Reduced:bd
cljs$core$Repeat:Hf
cljs$core$START:nf
cljs$core$SeqIter:of
cljs$core$StringBufferWriter:Dc
cljs$core$Subvec:Ag
cljs$core$Symbol:C
cljs$core$TransientArrayMap:Wg
cljs$core$TransientHashMap:zh
cljs$core$TransientHashSet:Zh
cljs$core$TransientVector:ng
cljs$core$UUID:ij
cljs$core$ValSeq:Vh
cljs$core$VectorNode:Yf
cljs$core$Volatile:Df
cljs$core$_:ie
cljs$core$_EQ_:M
cljs$core$_EQ__EQ_:we
cljs$core$_GT_:ne
cljs$core$_GT__EQ_:oe
cljs$core$_LT_:le
cljs$core$_LT__EQ_:me
cljs$core$_PLUS_:he
cljs$core$_SLASH_:ke
cljs$core$_STAR_:je
cljs$core$_STAR_eval_STAR_:mj
cljs$core$_STAR_loaded_libs_STAR_:Ya
cljs$core$_STAR_print_err_fn_STAR_:Wa
cljs$core$_STAR_print_fn_STAR_:Va
cljs$core$_STAR_print_level_STAR_:Xa
cljs$core$_add_watch:lc
cljs$core$_as_transient:nc
cljs$core$_assoc:Hb
cljs$core$_assoc_BANG_:qc
cljs$core$_assoc_n:Sb
cljs$core$_chunked_first:uc
cljs$core$_chunked_rest:vc
cljs$core$_clj__GT_js:Ni
cljs$core$_compare:sc
cljs$core$_conj:xb
cljs$core$_conj_BANG_:oc
cljs$core$_count:tb
cljs$core$_deref:A
cljs$core$_disjoin:Ob
cljs$core$_dissoc:Kb
cljs$core$_drop_first:tc
cljs$core$_empty:vb
cljs$core$_equiv:ac
cljs$core$_find:Ib
cljs$core$_first:Bb
cljs$core$_global_hierarchy:Ti
cljs$core$_hash:bc
cljs$core$_indexOf$cljs$0core$0IFn$0_invoke$0arity$03:N
cljs$core$_iterator:Cc
cljs$core$_key:Lb
cljs$core$_kv_reduce:$b
cljs$core$_lastIndexOf$cljs$0core$0IFn$0_invoke$0arity$03:Q
cljs$core$_lookup:Gb
cljs$core$_meta:Vb
cljs$core$_name:wc
cljs$core$_namespace:xc
cljs$core$_next:Eb
cljs$core$_nth:zb
cljs$core$_peek:Pb
cljs$core$_persistent_BANG_:pc
cljs$core$_pop:Qb
cljs$core$_pr_writer:kc
cljs$core$_reduce:Yb
cljs$core$_remove_watch:mc
cljs$core$_reset_BANG_:yc
cljs$core$_rest:Cb
cljs$core$_rseq:hc
cljs$core$_seq:dc
cljs$core$_swap_BANG_:zc
cljs$core$_val:Mb
cljs$core$_vreset_BANG_:Ac
cljs$core$_with_meta:Wb
cljs$core$_write:ic
cljs$core$aclone:mb
cljs$core$apply:Fd
cljs$core$apply$cljs$0core$0IFn$0_invoke$0arity$02:bf
cljs$core$apply$cljs$0core$0IFn$0_invoke$0arity$03:cf
cljs$core$apply$cljs$0core$0IFn$0_invoke$0arity$04:df
cljs$core$apply$cljs$0core$0IFn$0_invoke$0arity$05:ef
cljs$core$apply$cljs$0core$0IFn$0_invoke$0arity$0variadic:ff
cljs$core$apply_to:We
cljs$core$apply_to_simple$cljs$0core$0IFn$0_invoke$0arity$03:Ye
cljs$core$apply_to_simple$cljs$0core$0IFn$0_invoke$0arity$04:Ze
cljs$core$apply_to_simple$cljs$0core$0IFn$0_invoke$0arity$05:$e
cljs$core$apply_to_simple$cljs$0core$0IFn$0_invoke$0arity$06:af
cljs$core$array_QMARK_:hb
cljs$core$array__GT_transient_hash_map:Zg
cljs$core$array_copy:Sd
cljs$core$array_for:fg
cljs$core$array_index_of:Rg
cljs$core$array_map:Th
cljs$core$array_reduce$cljs$0core$0IFn$0_invoke$0arity$02:hd
cljs$core$array_reduce$cljs$0core$0IFn$0_invoke$0arity$03:id
cljs$core$array_reduce$cljs$0core$0IFn$0_invoke$0arity$04:jd
cljs$core$assoc:U
cljs$core$assoc_BANG_:Ve
cljs$core$assoc_in:Tf
cljs$core$atom$cljs$0core$0IFn$0_invoke$0arity$01:Af
cljs$core$balance_left:Fh
cljs$core$balance_left_del:Ih
cljs$core$balance_right:Hh
cljs$core$balance_right_del:Jh
cljs$core$bit_count:ve
cljs$core$boolean$0:Ud
cljs$core$bounded_count:Pe
cljs$core$build_subvec:Bg
cljs$core$butlast:ci
cljs$core$char_escapes:ri
cljs$core$chunk_append:Oe
cljs$core$chunk_buffer:Le
cljs$core$chunk_cons:Ne
cljs$core$chunked_seq:rg
cljs$core$chunked_seq$cljs$0core$0IFn$0_invoke$0arity$04:qg
cljs$core$chunked_seq$cljs$0core$0IFn$0_invoke$0arity$05:zg
cljs$core$chunked_seq_QMARK_:Rd
cljs$core$ci_reduce$cljs$0core$0IFn$0_invoke$0arity$02:fd
cljs$core$ci_reduce$cljs$0core$0IFn$0_invoke$0arity$03:gd
cljs$core$clj__GT_js:Pi
cljs$core$clone_and_set$cljs$0core$0IFn$0_invoke$0arity$03:bh
cljs$core$coll_QMARK_:Ld
cljs$core$compare:Xd
cljs$core$compare_indexed$cljs$0core$0IFn$0_invoke$0arity$02:Yd
cljs$core$compare_keywords:Ce
cljs$core$compare_symbols:Qc
cljs$core$complement:sf
cljs$core$concat:Re
cljs$core$conj:wd
cljs$core$conj_BANG_:Ue
cljs$core$cons:R
cljs$core$contains_QMARK_:Wd
cljs$core$count:O
cljs$core$counted_QMARK_:kd
cljs$core$create_array_node_seq:qh
cljs$core$create_array_node_seq$cljs$0core$0IFn$0_invoke$0arity$01:ph
cljs$core$create_array_node_seq$cljs$0core$0IFn$0_invoke$0arity$03:wh
cljs$core$create_inode_seq:ih
cljs$core$create_inode_seq$cljs$0core$0IFn$0_invoke$0arity$01:hh
cljs$core$create_inode_seq$cljs$0core$0IFn$0_invoke$0arity$03:uh
cljs$core$create_node:mh
cljs$core$create_node$cljs$0core$0IFn$0_invoke$0arity$06:nh
cljs$core$create_node$cljs$0core$0IFn$0_invoke$0arity$07:lh
cljs$core$create_tree_map_seq:Eh
cljs$core$dec:pe
cljs$core$deref:ed
cljs$core$disj:Jd
cljs$core$dissoc:Cd
cljs$core$distinct$cljs$0core$0IFn$0_invoke$0arity$01:bi
cljs$core$do_assoc:gg
cljs$core$dominates:bj
cljs$core$drop$cljs$0core$0IFn$0_invoke$0arity$02:Ff
cljs$core$drop_last$cljs$0core$0IFn$0_invoke$0arity$02:Gf
cljs$core$edit_and_set$cljs$0core$0IFn$0_invoke$0arity$04:dh
cljs$core$empty:zd
cljs$core$empty_QMARK_:Kd
cljs$core$empty_ordered_hash:Yc
cljs$core$empty_unordered_hash:$c
cljs$core$enable_console_print_BANG_:fb
cljs$core$equiv_map:Ng
cljs$core$equiv_sequential:qd
cljs$core$es6_iterator:Wc
cljs$core$even_QMARK_:rf
cljs$core$every_QMARK_:pf
cljs$core$ex_info$cljs$0core$0IFn$0_invoke$0arity$02:kj
cljs$core$filter$cljs$0core$0IFn$0_invoke$0arity$02:Mf
cljs$core$find_and_cache_best_method:cj
cljs$core$first:J
cljs$core$fix:se
cljs$core$flatten:Pf
cljs$core$fn_QMARK_:Dd
cljs$core$fn__GT_comparator:Zd
cljs$core$fnil$cljs$0core$0IFn$0_invoke$0arity$02:uf
cljs$core$gensym$cljs$0core$0IFn$0_invoke$0arity$01:Li
cljs$core$gensym_counter:Ki
cljs$core$get:D
cljs$core$get_global_hierarchy:Ui
cljs$core$get_in$cljs$0core$0IFn$0_invoke$0arity$02:Sf
cljs$core$hash:Nc
cljs$core$hash_collision_node_find_index:rh
cljs$core$hash_combine:Oc
cljs$core$hash_map:Sh
cljs$core$hash_ordered_coll:Xc
cljs$core$hash_string:Mc
cljs$core$hash_unordered_coll:Zc
cljs$core$identity:fe
cljs$core$ifn_QMARK_:Vd
cljs$core$imul:Fc
cljs$core$inc:ad
cljs$core$indexed_QMARK_:ld
cljs$core$inode_kv_reduce:eh
cljs$core$instance_QMARK_:Pc
cljs$core$interleave:Lf
cljs$core$into:vf
cljs$core$into_array$cljs$0core$0IFn$0_invoke$0arity$02:nb
cljs$core$isa_QMARK_$cljs$0core$0IFn$0_invoke$0arity$03:Yi
cljs$core$iter_reduce$cljs$0core$0IFn$0_invoke$0arity$02:be
cljs$core$iter_reduce$cljs$0core$0IFn$0_invoke$0arity$03:ce
cljs$core$iterable_QMARK_:Sc
cljs$core$keep$cljs$0core$0IFn$0_invoke$0arity$02:yf
cljs$core$key:vg
cljs$core$key__GT_js$cljs$0core$0IFn$0_invoke$0arity$02:Oi
cljs$core$key_test:ah
cljs$core$keys:Ug
cljs$core$keyword:Fe
cljs$core$keyword_identical_QMARK_:De
cljs$core$last:vd
cljs$core$lift_ns:Hi
cljs$core$linear_traversal_nth$cljs$0core$0IFn$0_invoke$0arity$03:Ad
cljs$core$list:Ae
cljs$core$list_QMARK_:ye
cljs$core$lookup_sentinel:Td
cljs$core$m3_fmix:Ic
cljs$core$m3_hash_unencoded_chars:Jc
cljs$core$m3_mix_H1:Hc
cljs$core$m3_mix_K1:Gc
cljs$core$map:Y
cljs$core$map_QMARK_:Od
cljs$core$map_entry_QMARK_:ug
cljs$core$map_indexed$cljs$0core$0IFn$0_invoke$0arity$02:xf
cljs$core$mapv:Qf
cljs$core$max:qe
cljs$core$max_key:di
cljs$core$merge:Wh
cljs$core$meta:Hd
cljs$core$min:re
cljs$core$missing_protocol:y
cljs$core$mod:te
cljs$core$name:Ge
cljs$core$namespace:Ee
cljs$core$native_satisfies_QMARK_:w
cljs$core$never_equiv:Mg
cljs$core$new_path:bg
cljs$core$next:K
cljs$core$next_STAR_:Xe
cljs$core$nil_QMARK_:gb
cljs$core$nil_iter:jf
cljs$core$not:ib
cljs$core$not_EQ_:gf
cljs$core$not_empty:hf
cljs$core$nth:nd
cljs$core$nth$cljs$0core$0IFn$0_invoke$0arity$02:md
cljs$core$nth$cljs$0core$0IFn$0_invoke$0arity$03:T
cljs$core$parents$cljs$0core$0IFn$0_invoke$0arity$01:Zi
cljs$core$partial:tf
cljs$core$partition$cljs$0core$0IFn$0_invoke$0arity$03:Rf
cljs$core$partition_by$cljs$0core$0IFn$0_invoke$0arity$02:ki
cljs$core$peek:Id
cljs$core$persistent_BANG_:Te
cljs$core$pop_tail:hg
cljs$core$pr_opts:Za
cljs$core$pr_sb_with_opts:zi
cljs$core$pr_sequential_writer:oi
cljs$core$pr_str:Ci
cljs$core$pr_str_STAR_:Ec
cljs$core$pr_str_with_opts:Ai
cljs$core$pr_writer:vi
cljs$core$pr_writer_impl:ui
cljs$core$prefers_STAR_:aj
cljs$core$prim_seq$cljs$0core$0IFn$0_invoke$0arity$02:S
cljs$core$print_map:wi
cljs$core$print_meta_QMARK_:ti
cljs$core$print_prefix_map:Ii
cljs$core$print_str:Ei
cljs$core$println_str:Fi
cljs$core$prn_str:Di
cljs$core$prn_str_with_opts:Bi
cljs$core$push_tail:cg
cljs$core$pv_clone_node:$f
cljs$core$pv_fresh_node:Zf
cljs$core$pv_reduce$cljs$0core$0IFn$0_invoke$0arity$04:kg
cljs$core$pv_reduce$cljs$0core$0IFn$0_invoke$0arity$05:lg
cljs$core$quot:ue
cljs$core$quote_string:si
cljs$core$rand:Ri
cljs$core$rand_int:Si
cljs$core$range:ji
cljs$core$ranged_iterator:jg
cljs$core$re_find:mi
cljs$core$re_matches:li
cljs$core$re_seq_STAR_:ni
cljs$core$record_QMARK_:Pd
cljs$core$reduce:pb
cljs$core$reduce$cljs$0core$0IFn$0_invoke$0arity$02:de
cljs$core$reduce$cljs$0core$0IFn$0_invoke$0arity$03:ob
cljs$core$reduce_kv:ee
cljs$core$reduced_QMARK_:cd
cljs$core$remove$cljs$0core$0IFn$0_invoke$0arity$02:Nf
cljs$core$remove_pair:ch
cljs$core$repeat$cljs$0core$0IFn$0_invoke$0arity$02:If
cljs$core$repeatedly$cljs$0core$0IFn$0_invoke$0arity$01:Jf
cljs$core$repeatedly$cljs$0core$0IFn$0_invoke$0arity$02:Kf
cljs$core$reset_BANG_:Bf
cljs$core$reset_cache:$i
cljs$core$rest:Tc
cljs$core$second:ud
cljs$core$seq:H
cljs$core$seq_reduce:sd
cljs$core$seq_reduce$cljs$0core$0IFn$0_invoke$0arity$02:rd
cljs$core$seq_reduce$cljs$0core$0IFn$0_invoke$0arity$03:td
cljs$core$sequential_QMARK_:Nd
cljs$core$set:ai
cljs$core$set_QMARK_:Md
cljs$core$some:qf
cljs$core$sort$cljs$0core$0IFn$0_invoke$0arity$02:$d
cljs$core$spread:Qe
cljs$core$str:z
cljs$core$string_hash_cache:Kc
cljs$core$string_hash_cache_count:Lc
cljs$core$strip_ns:Gi
cljs$core$subs:xe
cljs$core$subvec:Cg
cljs$core$swap_BANG_:Cf
cljs$core$symbol:Rc
cljs$core$t_cljs$0core18588:Ua
cljs$core$tail_off:ag
cljs$core$take$cljs$0core$0IFn$0_invoke$0arity$02:Ef
cljs$core$take_while$cljs$0core$0IFn$0_invoke$0arity$02:ei
cljs$core$tapset:lj
cljs$core$throw_no_method_error:dj
cljs$core$to_array:ae
cljs$core$transduce$cljs$0core$0IFn$0_invoke$0arity$04:ge
cljs$core$transient$0:Se
cljs$core$tree_map_add:Lh
cljs$core$tree_map_append:Mh
cljs$core$tree_map_kv_reduce:Kh
cljs$core$tree_map_remove:Nh
cljs$core$tree_map_replace:Oh
cljs$core$tree_map_seq_push:Ch
cljs$core$tree_seq:Of
cljs$core$truth_:v
cljs$core$tv_editable_root:og
cljs$core$tv_editable_tail:pg
cljs$core$tv_ensure_editable:Dg
cljs$core$tv_push_tail:Fg
cljs$core$type:jb
cljs$core$type__GT_str:kb
cljs$core$unchecked_array_for:eg
cljs$core$unreduced:dd
cljs$core$update$cljs$0core$0IFn$0_invoke$0arity$03:Vf
cljs$core$update$cljs$0core$0IFn$0_invoke$0arity$04:Wf
cljs$core$update_in:Uf
cljs$core$val:wg
cljs$core$vals:Vg
cljs$core$vec:tg
cljs$core$vector:xg
cljs$core$vector_QMARK_:Qd
cljs$core$vector_index_out_of_bounds:dg
cljs$core$with_meta:Gd
cljs$core$write_all$cljs$0core$0IFn$0_invoke$0arity$0variadic:qi
cljs$cst$keyword$_LT__DASH_:Wj
cljs$cst$keyword$_LT__GT_:ok
cljs$cst$keyword$a:Sk
cljs$cst$keyword$a_DOT_link_DOT_dim_DOT_navy_DOT_bb_DOT_b_DASH__DASH_near_DASH_gray_DOT_no_DASH_underline:Zj
cljs$cst$keyword$a_DOT_mv3:pm
cljs$cst$keyword$a_DOT_w_DASH_40_DOT_bb_DOT_bw3:Wm
cljs$cst$keyword$a_DOT_w_DASH_90_DOT_mono_DASH_gf:rk
cljs$cst$keyword$active_DASH_panel:Il
cljs$cst$keyword$add_DASH_event:Vk
cljs$cst$keyword$added:Xl
cljs$cst$keyword$aevt:Hl
cljs$cst$keyword$after:Ak
cljs$cst$keyword$alt_DASH_impl:xi
cljs$cst$keyword$ancestors:Xi
cljs$cst$keyword$app_DASH_sheeps_DOT_events_SLASH_initialize_DASH_db:um
cljs$cst$keyword$app_DASH_sheeps_DOT_events_SLASH_set_DASH_active_DASH_panel:qo
cljs$cst$keyword$app_DASH_sheeps_DOT_subs_SLASH_active_DASH_panel:Bj
cljs$cst$keyword$app_DASH_sheeps_DOT_subs_SLASH_name:go
cljs$cst$keyword$article_SLASH_comments:oj
cljs$cst$keyword$article_SLASH_content:xj
cljs$cst$keyword$article_SLASH_tags:Cm
cljs$cst$keyword$article_SLASH_title:bn
cljs$cst$keyword$atom:so
cljs$cst$keyword$attribute:Lk
cljs$cst$keyword$auto_DASH_run:yj
cljs$cst$keyword$autobind:Xn
cljs$cst$keyword$avet:Ij
cljs$cst$keyword$before:Jk
cljs$cst$keyword$blockquote_DOT_bg_DASH_animate_DOT_hover_DASH_animate_DOT_hover_DASH_bg_DASH_washed_DASH_red_DOT_hover_DASH_purple_DOT_pa1_DOT_f2_DOT_dark_DASH_gray:Dl
cljs$cst$keyword$blockquote_DOT_f1_DOT_bg_DASH_animate_DOT_hover_DASH_animate_DOT_hover_DASH_bg_DASH_near_DASH_black_DOT_hover_DASH_purple_DOT_pa1_DOT_moon_DASH_gray:Xm
cljs$cst$keyword$blockquote_DOT_f2_DOT_bg_DASH_animate_DOT_hover_DASH_animate_DOT_hover_DASH_bg_DASH_washed_DASH_green_DOT_hover_DASH_purple_DOT_pa1_DOT_dark_DASH_gray_DOT_grow_DOT_animate_DOT_fw5_DOT_grow_DOT_bl_DOT_br_DOT_bw2_DOT_b_DASH__DASH_near_DASH_black_DOT_w_DASH_100_DOT_tc_DOT_flex_DOT_justify_DASH_around:ln
cljs$cst$keyword$blockquote_DOT_f3_DOT_bg_DASH_animate_DOT_hover_DASH_animate_DOT_hover_DASH_bg_DASH_washed_DASH_green_DOT_hover_DASH_purple_DOT_pa1_DOT_dark_DASH_gray_DOT_grow_DOT_animate_DOT_fw5_DOT_grow_DOT_bl_DOT_br_DOT_bw2_DOT_b_DASH__DASH_near_DASH_black_DOT_w_DASH_100_DOT_tc:kk
cljs$cst$keyword$blockquote_DOT_f3_DOT_bg_DASH_animate_DOT_hover_DASH_animate_DOT_hover_DASH_bg_DASH_washed_DASH_green_DOT_hover_DASH_purple_DOT_pa1_DOT_dark_DASH_gray_DOT_grow_DOT_animate_DOT_fw5_DOT_grow_DOT_bl_DOT_br_DOT_bw2_DOT_b_DASH__DASH_near_DASH_black_DOT_w_DASH_100_DOT_tc_DOT_tracked_DASH_mega:gk
cljs$cst$keyword$blockquote_DOT_lh_DASH_title_DOT_f3_DOT_fw6_DOT_silver:Gl
cljs$cst$keyword$blockquote_DOT_light_DASH_red_DOT_f3_DOT_fw5:sm
cljs$cst$keyword$class:rm
cljs$cst$keyword$cljsLegacyRender:zm
cljs$cst$keyword$coeffects:Om
cljs$cst$keyword$cofx:Ym
cljs$cst$keyword$componentFunction:Ul
cljs$cst$keyword$componentWillMount:no
cljs$cst$keyword$componentWillUnmount:al
cljs$cst$keyword$component_DASH_did_DASH_update:mn
cljs$cst$keyword$component_DASH_will_DASH_unmount:nl
cljs$cst$keyword$content:pj
cljs$cst$keyword$context:Vm
cljs$cst$keyword$datascript_SLASH_db:Mj
cljs$cst$keyword$datoms:Zl
cljs$cst$keyword$db:Dn
cljs$cst$keyword$db_DASH_handler:zl
cljs$cst$keyword$db_DOT_cardinality_SLASH_many:On
cljs$cst$keyword$db_DOT_cardinality_SLASH_one:Rl
cljs$cst$keyword$db_DOT_type_SLASH_ref:Nm
cljs$cst$keyword$db_DOT_type_SLASH_string:Fn
cljs$cst$keyword$db_DOT_unique_SLASH_identity:tm
cljs$cst$keyword$db_DOT_unique_SLASH_value:Pm
cljs$cst$keyword$db_SLASH_cardinality:to
cljs$cst$keyword$db_SLASH_id:Tm
cljs$cst$keyword$db_SLASH_ident:yn
cljs$cst$keyword$db_SLASH_index:hm
cljs$cst$keyword$db_SLASH_isComponent:zj
cljs$cst$keyword$db_SLASH_type:$m
cljs$cst$keyword$db_SLASH_unique:wj
cljs$cst$keyword$db_SLASH_valueType:wn
cljs$cst$keyword$debug:ll
cljs$cst$keyword$default:fj
cljs$cst$keyword$deregister_DASH_event_DASH_handler:$n
cljs$cst$keyword$descendants:Wi
cljs$cst$keyword$dispatch:wm
cljs$cst$keyword$dispatch_DASH_later:wk
cljs$cst$keyword$dispatch_DASH_n:hn
cljs$cst$keyword$displayName:Vl
cljs$cst$keyword$display_DASH_name:jl
cljs$cst$keyword$div_DOT_f_DASH_subheadline_DOT_avenir_DOT_fw5_DOT_tc_DOT_hover_DASH_bg_DASH_light_DASH_gray_DOT_hover_DASH_dark_DASH_pink_DOT_pa2_DOT_grow_DOT_ba_DOT_b_DASH__DASH_purple_DOT_bw2_DOT_br2:uj
cljs$cst$keyword$div_DOT_fw1:Dk
cljs$cst$keyword$div_DOT_hover_DASH_hot_DASH_pink:dl
cljs$cst$keyword$div_DOT_hover_DASH_light_DASH_blue:fk
cljs$cst$keyword$div_DOT_hover_DASH_light_DASH_green:Fl
cljs$cst$keyword$div_DOT_lh_DASH_copy:pk
cljs$cst$keyword$div_DOT_lh_DASH_copy_DOT_near_DASH_black:Mn
cljs$cst$keyword$div_DOT_ml6:Ol
cljs$cst$keyword$div_DOT_w_DASH_100_DOT_bt_DOT_bw2_DOT_b_DASH__DASH_black_DOT_flex_DOT_justify_DASH_center:Yj
cljs$cst$keyword$do_DASH_fx:hl
cljs$cst$keyword$dup:db
cljs$cst$keyword$e:Qk
cljs$cst$keyword$eavt:Sj
cljs$cst$keyword$effects:gl
cljs$cst$keyword$entity_DASH_id:ko
cljs$cst$keyword$entity_DASH_id_SLASH_missing:Jl
cljs$cst$keyword$entity_DASH_id_SLASH_syntax:om
cljs$cst$keyword$error:el
cljs$cst$keyword$event:fl
cljs$cst$keyword$exception:qk
cljs$cst$keyword$fallback_DASH_impl:yi
cljs$cst$keyword$finish_DASH_run:sk
cljs$cst$keyword$flush_DASH_dom:on
cljs$cst$keyword$flush_DASH_on_DASH_newline:$a
cljs$cst$keyword$fsm_DASH_state:Pj
cljs$cst$keyword$full_DASH_article:eo
cljs$cst$keyword$functional_DASH_fe:Nn
cljs$cst$keyword$fx:en
cljs$cst$keyword$group:tl
cljs$cst$keyword$groupEnd:ro
cljs$cst$keyword$hash:rn
cljs$cst$keyword$hierarchy:Pk
cljs$cst$keyword$hist_DASH_of_DASH_linux:Pn
cljs$cst$keyword$hoon_DASH_week_DASH_1:Nl
cljs$cst$keyword$how_DASH_clojure:Wl
cljs$cst$keyword$how_DASH_code:zk
cljs$cst$keyword$how_DASH_fp:Un
cljs$cst$keyword$how_DASH_lisp:bm
cljs$cst$keyword$hr_DOT_w_DASH_50_DOT_bb_DOT_bw2_DOT_b_DASH__DASH_navy:Hn
cljs$cst$keyword$href:vl
cljs$cst$keyword$id:co
cljs$cst$keyword$idle:nj
cljs$cst$keyword$key:Cn
cljs$cst$keyword$keyword_DASH_fn:Qi
cljs$cst$keyword$lambda_DASH_labs_DASH_gql_DASH_1:Ql
cljs$cst$keyword$lambda_DASH_labs_DASH_gql_DASH_2:Tl
cljs$cst$keyword$lambda_DASH_labs_DASH_gql_DASH_3:Sl
cljs$cst$keyword$li:Jj
cljs$cst$keyword$li_DOT_lh_DASH_copy_DOT_near_DASH_black:zn
cljs$cst$keyword$list:xn
cljs$cst$keyword$listeners:po
cljs$cst$keyword$log:Aj
cljs$cst$keyword$lookup_DASH_ref_SLASH_syntax:Gm
cljs$cst$keyword$lookup_DASH_ref_SLASH_unique:Fj
cljs$cst$keyword$map:am
cljs$cst$keyword$max_DASH_eid:El
cljs$cst$keyword$max_DASH_tx:Em
cljs$cst$keyword$meta:cb
cljs$cst$keyword$more_DASH_marker:pi
cljs$cst$keyword$ms:rj
cljs$cst$keyword$name:Im
cljs$cst$keyword$nil:fn
cljs$cst$keyword$no_DASH_cache:lk
cljs$cst$keyword$on_DASH_dispose:Dj
cljs$cst$keyword$on_DASH_set:Rm
cljs$cst$keyword$on_DASH_write:Bn
cljs$cst$keyword$p_DOT_avenir_DOT_flex_DOT_flex_DASH_column_DOT_pa4_DOT_justify_DASH_around_DOT_content_DASH_center_DOT_items_DASH_center_DOT_self_DASH_center:Ll
cljs$cst$keyword$p_DOT_f3_DOT_fw6_DOT_navy_DOT_bb_DOT_bw2:tj
cljs$cst$keyword$p_DOT_lh_DASH_copy_DOT_bg_DASH_washed_DASH_green_DOT_dark_DASH_gray_DOT_fw4_DOT_f3:Km
cljs$cst$keyword$p_DOT_lh_DASH_copy_DOT_near_DASH_black:dm
cljs$cst$keyword$p_DOT_lh_DASH_copy_DOT_near_DASH_black_DOT_f3:Cj
cljs$cst$keyword$p_DOT_lh_DASH_solid:ho
cljs$cst$keyword$p_DOT_lh_DASH_title_DOT_f4_DOT_fw6_DOT_silver:Qn
cljs$cst$keyword$panel_DASH_name:cn
cljs$cst$keyword$parents:Vi
cljs$cst$keyword$pause:rl
cljs$cst$keyword$paused:kn
cljs$cst$keyword$prev:Zm
cljs$cst$keyword$print_DASH_length:eb
cljs$cst$keyword$query_SLASH_where:ym
cljs$cst$keyword$queue:Xf
cljs$cst$keyword$re_DASH_frame_DOT_std_DASH_interceptors_SLASH_not_DASH_found:Vn
cljs$cst$keyword$re_DASH_frame_DOT_std_DASH_interceptors_SLASH_untrimmed_DASH_event:Jm
cljs$cst$keyword$readably:bb
cljs$cst$keyword$reagentRender:Hm
cljs$cst$keyword$reagent_DASH_render:Hk
cljs$cst$keyword$render:sj
cljs$cst$keyword$resume:kl
cljs$cst$keyword$rschema:ao
cljs$cst$keyword$run_DASH_queue:jo
cljs$cst$keyword$running:qm
cljs$cst$keyword$scheduled:cl
cljs$cst$keyword$schema:Lm
cljs$cst$keyword$schema_SLASH_validation:Ck
cljs$cst$keyword$secretary_DOT_core_SLASH_map:Qj
cljs$cst$keyword$secretary_DOT_core_SLASH_sequential:vn
cljs$cst$keyword$section_DOT_flex_DOT_flex_DASH_column_DOT_h_DASH_75:Tj
cljs$cst$keyword$section_DOT_flex_DOT_flex_DASH_column_DOT_h_DASH_75_DOT_w_DASH_75:sl
cljs$cst$keyword$section_DOT_flex_DOT_flex_DASH_row_DOT_justify_DASH_between_DOT_w_DASH_100:ik
cljs$cst$keyword$sequential:dn
cljs$cst$keyword$set:Uk
cljs$cst$keyword$shouldComponentUpdate:bo
cljs$cst$keyword$span_DOT_bb_DOT_bw1_DOT_b_DASH__DASH_near_DASH_black_DOT_no_DASH_underline:Rk
cljs$cst$keyword$span_DOT_grow_DOT_f_DASH_headline_DOT_fw6_DOT_near_DASH_black_DOT_tc:Ml
cljs$cst$keyword$span_DOT_i_DOT_fw4_DOT_fgrow_DOT_hover_DASH_bg_DASH_black_DOT_hover_DASH_hot_DASH_pink_DOT_near_DASH_black_DOT_hover_DASH_animate_DOT_hover_DASH_bg_DASH_animate:oo
cljs$cst$keyword$span_DOT_lh_DASH_copy_DOT_near_DASH_black:Mm
cljs$cst$keyword$stack:Fm
cljs$cst$keyword$strable:Zk
cljs$cst$keyword$string:Hj
cljs$cst$keyword$sub:qn
cljs$cst$keyword$title:vm
cljs$cst$keyword$transact_SLASH_syntax:Oj
cljs$cst$keyword$trigger:Kk
cljs$cst$keyword$trim_DASH_v:jn
cljs$cst$keyword$tx:Nk
cljs$cst$keyword$ul:Gk
cljs$cst$keyword$unnamed:wl
cljs$cst$keyword$url:im
cljs$cst$keyword$v:Xk
cljs$cst$keyword$val:Ji
cljs$cst$keyword$validator:Sn
cljs$cst$keyword$value:il
cljs$cst$keyword$vector:ml
cljs$cst$keyword$warn:Qm
cljs$cst$keyword$yield:Zn
cljs$cst$symbol$_BANG__EQ_:vj
cljs$cst$symbol$_DASH_:pn
cljs$cst$symbol$_DASH_differ_QMARK_:xl
cljs$cst$symbol$_EQ_:bk
cljs$cst$symbol$_EQ__EQ_:hk
cljs$cst$symbol$_GT_:Xj
cljs$cst$symbol$_GT__EQ_:gm
cljs$cst$symbol$_LT_:$l
cljs$cst$symbol$_LT__EQ_:Dm
cljs$cst$symbol$_PLUS_:Kn
cljs$cst$symbol$_SLASH_:uk
cljs$cst$symbol$_STAR_:ul
cljs$cst$symbol$and:nk
cljs$cst$symbol$array_DASH_map:xk
cljs$cst$symbol$avg:Bl
cljs$cst$symbol$clojure_DOT_string_SLASH_blank_QMARK_:Wn
cljs$cst$symbol$clojure_DOT_string_SLASH_ends_DASH_with_QMARK_:Gj
cljs$cst$symbol$clojure_DOT_string_SLASH_includes_QMARK_:Mk
cljs$cst$symbol$clojure_DOT_string_SLASH_starts_DASH_with_QMARK_:Wk
cljs$cst$symbol$compare:mk
cljs$cst$symbol$complement:Vj
cljs$cst$symbol$contains_QMARK_:In
cljs$cst$symbol$count:Kl
cljs$cst$symbol$count_DASH_distinct:Ej
cljs$cst$symbol$datascript_SLASH_DB:ck
cljs$cst$symbol$datascript_SLASH_Datom:Ln
cljs$cst$symbol$db:jk
cljs$cst$symbol$dec:sn
cljs$cst$symbol$distinct:pl
cljs$cst$symbol$empty_QMARK_:km
cljs$cst$symbol$even_QMARK_:an
cljs$cst$symbol$false_QMARK_:fo
cljs$cst$symbol$get_DASH_else:ql
cljs$cst$symbol$get_DASH_some:Ek
cljs$cst$symbol$ground:nm
cljs$cst$symbol$hash_DASH_map:Ik
cljs$cst$symbol$identical_QMARK_:Uj
cljs$cst$symbol$identity:Kj
cljs$cst$symbol$inc:Sm
cljs$cst$symbol$inst:xm
cljs$cst$symbol$js:yl
cljs$cst$symbol$list:dk
cljs$cst$symbol$max:Lj
cljs$cst$symbol$median:Rj
cljs$cst$symbol$meta:Bk
cljs$cst$symbol$meta18589:kf
cljs$cst$symbol$min:bl
cljs$cst$symbol$missing_QMARK_:Am
cljs$cst$symbol$mod:Yl
cljs$cst$symbol$name:Um
cljs$cst$symbol$namespace:tn
cljs$cst$symbol$neg_QMARK_:Pl
cljs$cst$symbol$nil_QMARK_:jm
cljs$cst$symbol$not:Cl
cljs$cst$symbol$not_DASH_empty:ek
cljs$cst$symbol$not_EQ_:Rn
cljs$cst$symbol$odd_QMARK_:gn
cljs$cst$symbol$or:mm
cljs$cst$symbol$pos_QMARK_:Fk
cljs$cst$symbol$pr_DASH_str:Tk
cljs$cst$symbol$print_DASH_str:yk
cljs$cst$symbol$println_DASH_str:cm
cljs$cst$symbol$prn_DASH_str:Nj
cljs$cst$symbol$queue:lo
cljs$cst$symbol$quot:fm
cljs$cst$symbol$rand:un
cljs$cst$symbol$rand_DASH_int:En
cljs$cst$symbol$range:Tn
cljs$cst$symbol$re_DASH_find:qj
cljs$cst$symbol$re_DASH_matches:lm
cljs$cst$symbol$re_DASH_pattern:An
cljs$cst$symbol$re_DASH_seq:ol
cljs$cst$symbol$rem:Yn
cljs$cst$symbol$resolve_DASH_datom:ak
cljs$cst$symbol$sample:Bm
cljs$cst$symbol$set:Gn
cljs$cst$symbol$some_QMARK_:$k
cljs$cst$symbol$stddev:vk
cljs$cst$symbol$str:tk
cljs$cst$symbol$subs:Ok
cljs$cst$symbol$sum:Yk
cljs$cst$symbol$true_QMARK_:Jn
cljs$cst$symbol$type:em
cljs$cst$symbol$uuid:io
cljs$cst$symbol$variance:Al
cljs$cst$symbol$vector:mo
cljs$cst$symbol$zero_QMARK_:nn
cljs$reader$_STAR_tag_table_STAR_:Yr
cljs$reader$check:Wr
cljs$reader$days_in_month:Tr
cljs$reader$parse_and_validate_timestamp:Xr
cljs$reader$parse_int:Vr
cljs$reader$timestamp_regex:Ur
cljs$tools:Er
cljs$tools$reader:Fr
cljs$tools$reader$NO_MATCH:Sr
cljs$tools$reader$READ_EOF:Qr
cljs$tools$reader$READ_FINISHED:Rr
cljs$tools$reader$impl:Gr
cljs$tools$reader$impl$inspect:Hr
cljs$tools$reader$impl$inspect$dispatch_inspect:Kr
cljs$tools$reader$impl$inspect$inspect_STAR_:Jr
cljs$tools$reader$impl$inspect$inspect_STAR__col:Ir
clojure$data$atom_diff:tr
clojure$data$diff:wr
clojure$data$diff_associative:xr
clojure$data$diff_associative_key:vr
clojure$data$diff_sequential:yr
clojure$data$diff_set:zr
clojure$data$diff_similar:Br
clojure$data$equality_partition:Ar
clojure$data$vectorize:ur
clojure$set$bubble_max_key:Yo
clojure$set$difference:ap
clojure$set$intersection:$o
clojure$set$union$cljs$0core$0IFn$0_invoke$0arity$02:Zo
clojure$string$join$cljs$0core$0IFn$0_invoke$0arity$02:Co
clojure$string$replace:Bo
clojure$string$replace_all:zo
clojure$string$replace_with:Ao
count__24351_24539:hu
datascript$db$DB:qt
datascript$db$Datom:Ws
datascript$db$IllegalArgumentException:Ts
datascript$db$_attrs_by:pt
datascript$db$_datoms:nt
datascript$db$_schema:ot
datascript$db$_search:mt
datascript$db$assoc_datom:dt
datascript$db$attr__GT_properties:zt
datascript$db$cmp:et
datascript$db$cmp_attr_quick:it
datascript$db$cmp_datoms_aevt:gt
datascript$db$cmp_datoms_aevt_quick:kt
datascript$db$cmp_datoms_avet:ht
datascript$db$cmp_datoms_avet_quick:lt
datascript$db$cmp_datoms_eavt:ft
datascript$db$cmp_datoms_eavt_quick:jt
datascript$db$combine_hashes:Us
datascript$db$components__GT_pattern:xt
datascript$db$datom:Qs
datascript$db$datom_tx:Vs
datascript$db$empty_db:wt
datascript$db$empty_db$cljs$0core$0IFn$0_invoke$0arity$01:vt
datascript$db$entid:Lt
datascript$db$entid_some:Ht
datascript$db$entid_strict:Jt
datascript$db$equiv_datom:Ys
datascript$db$equiv_db:ut
datascript$db$hash_datom:Xs
datascript$db$hash_db:tt
datascript$db$indexing_QMARK_:yt
datascript$db$init_db$cljs$0core$0IFn$0_invoke$0arity$02:Et
datascript$db$init_max_eid:Dt
datascript$db$is_attr_QMARK_:Kt
datascript$db$map__GT_DB:rt
datascript$db$nth_datom:bt
datascript$db$nth_datom$cljs$0core$0IFn$0_invoke$0arity$02:at
datascript$db$nth_datom$cljs$0core$0IFn$0_invoke$0arity$03:ct
datascript$db$pr_db:st
datascript$db$ref_QMARK_:It
datascript$db$resolve_datom:Ft
datascript$db$reverse_ref:Nt
datascript$db$reverse_ref_QMARK_:Mt
datascript$db$rschema:At
datascript$db$seq_datom:Zs
datascript$db$val_at_datom:$s
datascript$db$validate_attr:Gt
datascript$db$validate_schema:Ct
datascript$db$validate_schema_key:Bt
datascript$impl$entity$Entity:Vt
datascript$impl$entity$__GT_Entity:Pt
datascript$impl$entity$_lookup_backwards:Rt
datascript$impl$entity$datoms__GT_cache:au
datascript$impl$entity$entity:Ot
datascript$impl$entity$entity_attr:Qt
datascript$impl$entity$equiv_entity:Yt
datascript$impl$entity$js_seq:Tt
datascript$impl$entity$lookup_entity:Xt
datascript$impl$entity$lookup_entity$cljs$0core$0IFn$0_invoke$0arity$02:Wt
datascript$impl$entity$lookup_entity$cljs$0core$0IFn$0_invoke$0arity$03:Zt
datascript$impl$entity$multival__GT_js:St
datascript$impl$entity$touch:Ut
datascript$impl$entity$touch_components:$t
datascript$query$_differ_QMARK_:bu
datascript$query$_get_some:cu
datascript$query$and_fn:du
datascript$query$or_fn:eu
f$jscomp$inline_1498:nu
f$jscomp$inline_1501:yu
goog$UID_PROPERTY_:la
goog$array$defaultCompare:ta
goog$array$sort:sa
goog$array$stableSort:ua
goog$array$toArray:ra
goog$async$nextTick:Fq
goog$bind:pa
goog$bindJs_:oa
goog$bindNative_:na
goog$dom$createElement_:Eq
goog$dom$safe$setIframeSrc:Qa
goog$events$BrowserEvent$IE_POINTER_TYPE_MAP:Du
goog$exportPath_:ia
goog$getUid:ka
goog$global:fa
goog$html$SafeHtml:Ma
goog$html$SafeHtml$EMPTY:Pa
goog$html$SafeHtml$TYPE_MARKER_GOOG_HTML_SECURITY_PRIVATE_:Na
goog$html$SafeHtml$unwrapTrustedHTML:Oa
goog$html$SafeScript:Ba
goog$html$SafeStyle:Ha
goog$html$SafeStyleSheet:Ia
goog$html$TrustedResourceUrl:Ca
goog$html$TrustedResourceUrl$CONSTRUCTOR_TOKEN_PRIVATE_:Da
goog$html$TrustedResourceUrl$TYPE_MARKER_GOOG_HTML_SECURITY_PRIVATE_:Ea
goog$isFunction:ja
goog$labs$userAgent$platform$isIphone:Aq
goog$labs$userAgent$util$matchUserAgent:La
goog$labs$userAgent$util$userAgent_:Ga
goog$object$getKeys:va
goog$reflect$sinkValue:qa
goog$string$Const:wa
goog$string$Const$EMPTY:Aa
goog$string$Const$GOOG_STRING_CONSTRUCTOR_TOKEN_PRIVATE_:xa
goog$string$Const$TYPE_MARKER_:ya
goog$string$StringBuffer:Ra
goog$string$internal$caseInsensitiveContains:Fa
goog$typeOf:q
goog$uidCounter_:ma
goog$userAgent$GECKO:Bq
goog$userAgent$WEBKIT:Cq
hierarchy__4676__auto__$jscomp$inline_1406:Pr
i__24352_24540:iu
map__18695__$1$jscomp$inline_1505:Cu
me$tonsky$persistent_sorted_set$BTSet:vs
me$tonsky$persistent_sorted_set$Chunk:Hs
me$tonsky$persistent_sorted_set$Iter:Is
me$tonsky$persistent_sorted_set$Leaf:us
me$tonsky$persistent_sorted_set$Node:ts
me$tonsky$persistent_sorted_set$ReverseIter:Ks
me$tonsky$persistent_sorted_set$_next_path:Bs
me$tonsky$persistent_sorted_set$_prev_path:Es
me$tonsky$persistent_sorted_set$_rpath:Ds
me$tonsky$persistent_sorted_set$_slice:Ls
me$tonsky$persistent_sorted_set$alter_btset:As
me$tonsky$persistent_sorted_set$arr_map_inplace:Ms
me$tonsky$persistent_sorted_set$arr_partition_approx:Ns
me$tonsky$persistent_sorted_set$arrays$into_array:Zr
me$tonsky$persistent_sorted_set$binary_search_l:bs
me$tonsky$persistent_sorted_set$binary_search_r:cs
me$tonsky$persistent_sorted_set$btset_iter:ws
me$tonsky$persistent_sorted_set$conj:ys
me$tonsky$persistent_sorted_set$cut_n_splice:fs
me$tonsky$persistent_sorted_set$disj:xs
me$tonsky$persistent_sorted_set$eq_arr:is
me$tonsky$persistent_sorted_set$from_sorted_array:Rs
me$tonsky$persistent_sorted_set$iter:Gs
me$tonsky$persistent_sorted_set$keys_for:zs
me$tonsky$persistent_sorted_set$level_shift:$r
me$tonsky$persistent_sorted_set$lookup_exact:ds
me$tonsky$persistent_sorted_set$lookup_range:es
me$tonsky$persistent_sorted_set$merge_n_split:hs
me$tonsky$persistent_sorted_set$next_path:Cs
me$tonsky$persistent_sorted_set$node_conj:qs
me$tonsky$persistent_sorted_set$node_disj:rs
me$tonsky$persistent_sorted_set$node_len:ms
me$tonsky$persistent_sorted_set$node_lim_key:ls
me$tonsky$persistent_sorted_set$node_lookup:ps
me$tonsky$persistent_sorted_set$node_merge:ns
me$tonsky$persistent_sorted_set$node_merge_n_split:os
me$tonsky$persistent_sorted_set$path_mask:as
me$tonsky$persistent_sorted_set$prev_path:Fs
me$tonsky$persistent_sorted_set$return_array$cljs$0core$0IFn$0_invoke$0arity$02:js
me$tonsky$persistent_sorted_set$return_array$cljs$0core$0IFn$0_invoke$0arity$03:ks
me$tonsky$persistent_sorted_set$riter:Js
me$tonsky$persistent_sorted_set$rotate:ss
me$tonsky$persistent_sorted_set$rslice$cljs$0core$0IFn$0_invoke$0arity$03:Ps
me$tonsky$persistent_sorted_set$slice$cljs$0core$0IFn$0_invoke$0arity$03:Os
me$tonsky$persistent_sorted_set$sorted_set_by$cljs$0core$0IFn$0_invoke$0arity$01:Ss
me$tonsky$persistent_sorted_set$splice:gs
method_cache__4674__auto__$jscomp$inline_1404:Nr
method_table__4672__auto__$jscomp$inline_1402:Lr
module$node_modules$create_react_class$index:Oo
module$node_modules$react$index:yo
module$node_modules$react_dom$index:tq
navigator$jscomp$inline_149:Ja
navigator$jscomp$inline_755:Dq
p__18694$jscomp$inline_1504:Bu
prefer_table__4673__auto__$jscomp$inline_1403:Mr
re_frame:Gq
re_frame$cofx$inject_db:sr
re_frame$core$reg_event_db:Dr
re_frame$db$app_db:Lq
re_frame$events$_STAR_handling_STAR_:ar
re_frame$fx$do_fx:rr
re_frame$interceptor$__GT_interceptor$cljs$0core$0IFn$0_invoke$0arity$0variadic:Yq
re_frame$interceptor$get_coeffect$cljs$0core$0IFn$0_invoke$0arity$02:Zq
re_frame$interceptor$invoke_interceptors:$q
re_frame$interop$add_on_dispose_BANG_:Iq
re_frame$interop$deref_QMARK_:Hq
re_frame$interop$empty_queue:wf
re_frame$interop$reagent_id:Kq
re_frame$interop$set_timeout_BANG_:Jq
re_frame$loggers$console:Nq
re_frame$loggers$console$cljs$0core$0IFn$0_invoke$0arity$0variadic:Oq
re_frame$loggers$loggers:Mq
re_frame$registrar$clear_handlers:Uq
re_frame$registrar$get_handler$cljs$0core$0IFn$0_invoke$0arity$02:Sq
re_frame$registrar$kind__GT_id__GT_handler:Rq
re_frame$registrar$register_handler:Tq
re_frame$router$dispatch:qr
re_frame$router$event_queue:pr
re_frame$router$later_fns:jr
re_frame$std_interceptors$db_handler__GT_interceptor:Cr
re_frame$subs$cache_and_return:cr
re_frame$subs$cache_lookup$cljs$0core$0IFn$0_invoke$0arity$02:dr
re_frame$subs$deref_input_signals:gr
re_frame$subs$map_vals:fr
re_frame$subs$query__GT_reaction:br
re_frame$subs$reg_sub:hr
re_frame$subs$reg_sub$cljs$0core$0IFn$0_invoke$0arity$0variadic:ir
re_frame$subs$subscribe:er
re_frame$trace:Vq
re_frame$trace$next_delivery:Xq
re_frame$trace$traces:Wq
re_frame$utils$dissoc_in:Pq
re_frame$utils$first_in_vector:Qq
reagent:Do
reagent$core$after_render:zq
reagent$debug:Eo
reagent$debug$track_console:Go
reagent$debug$warnings:Fo
reagent$dom:uq
reagent$dom$imported:vq
reagent$dom$re_render_component:yq
reagent$dom$render_comp:xq
reagent$dom$roots:wq
reagent$impl:Ho
reagent$impl$batching:Po
reagent$impl$batching$RenderQueue:Vo
reagent$impl$batching$compare_mount_order:To
reagent$impl$batching$fake_raf:Ro
reagent$impl$batching$mount_count:Qo
reagent$impl$batching$next_tick:So
reagent$impl$batching$queue_render:Xo
reagent$impl$batching$ratom_flush:Uo
reagent$impl$batching$render_queue:Wo
reagent$impl$component:Cp
reagent$impl$component$_STAR_current_component_STAR_:Dp
reagent$impl$component$as_element:Gp
reagent$impl$component$camelify_map_keys:Np
reagent$impl$component$create_class:Qp
reagent$impl$component$custom_wrapper:Jp
reagent$impl$component$dash_to_camel:Mp
reagent$impl$component$get_wrapper:Kp
reagent$impl$component$map_to_js:Pp
reagent$impl$component$obligatory:Lp
reagent$impl$component$props_argv:Ep
reagent$impl$component$rat_opts:Bp
reagent$impl$component$reagent_class_QMARK_:Fp
reagent$impl$component$static_fns:Ip
reagent$impl$component$wrap_funs:Op
reagent$impl$component$wrap_render:Hp
reagent$impl$template:Rp
reagent$impl$template$as_element:qq
reagent$impl$template$cache_get:Vp
reagent$impl$template$convert_custom_prop_value:$p
reagent$impl$template$convert_prop_value:Xp
reagent$impl$template$custom_kv_conv:Zp
reagent$impl$template$custom_prop_name_cache:Yp
reagent$impl$template$expand_seq:sq
reagent$impl$template$find_dom_node:dq
reagent$impl$template$get_key:mq
reagent$impl$template$input_component_set_value:gq
reagent$impl$template$input_handle_change:hq
reagent$impl$template$input_node_set_value:fq
reagent$impl$template$input_render_setup:iq
reagent$impl$template$input_spec:lq
reagent$impl$template$key_from_vec:nq
reagent$impl$template$kv_conv:Wp
reagent$impl$template$make_element:kq
reagent$impl$template$named_QMARK_:Tp
reagent$impl$template$native_element:pq
reagent$impl$template$oset:aq
reagent$impl$template$prop_name_cache:Up
reagent$impl$template$re_tag:Sp
reagent$impl$template$reagent_input_class:jq
reagent$impl$template$set_id_class:bq
reagent$impl$template$stringify_class:cq
reagent$impl$template$tag_name_cache:oq
reagent$impl$template$these_inputs_have_selection_api:eq
reagent$impl$template$vec_to_elem:rq
reagent$impl$util$_STAR_always_update_STAR_:No
reagent$impl$util$capitalize:Ko
reagent$impl$util$dash_to_camel:Lo
reagent$impl$util$dont_camel_case:Jo
reagent$impl$util$fun_name:Mo
reagent$impl$util$is_client:Io
reagent$ratom:bp
reagent$ratom$RAtom:pp
reagent$ratom$RCursor:up
reagent$ratom$Reaction:yp
reagent$ratom$Track:tp
reagent$ratom$_STAR_ratom_context_STAR_:cp
reagent$ratom$_running:fp
reagent$ratom$add_on_dispose_BANG_:wp
reagent$ratom$add_w:jp
reagent$ratom$atom:qp
reagent$ratom$cached_reaction:rp
reagent$ratom$check_watches:ip
reagent$ratom$debug:dp
reagent$ratom$deref_capture:gp
reagent$ratom$dispose_BANG_:vp
reagent$ratom$flush_BANG_:op
reagent$ratom$generation:ep
reagent$ratom$handle_reaction_change:xp
reagent$ratom$make_reaction:sp
reagent$ratom$notify_deref_watcher_BANG_:hp
reagent$ratom$notify_w:lp
reagent$ratom$pr_atom:mp
reagent$ratom$rea_queue:np
reagent$ratom$remove_w:kp
reagent$ratom$run_in_reaction:Ap
reagent$ratom$temp_reaction:zp
relatedTarget$jscomp$inline_1461:Uu
relevantTouch$jscomp$inline_1460:Tu
schema$jscomp$inline_1093:Au
secretary$core$encode:Eu
secretary$core$encode_pair:Fu
secretary$core$key_index$cljs$0core$0IFn$0_invoke$0arity$02:Gu
seq__24349_24537:fu
seq__24349_24549__$1:pu
shadow$js$files:uo
shadow$js$jsRequire:xo
shadow$js$nativeRequires:vo
shadow$js$requireStack:wo
tag$jscomp$inline_1497:mu
tag$jscomp$inline_1500:xu
tag_24542:ku
tag_24556:vu
temp__5735__auto___24548:ou
type$jscomp$inline_1459:Su
userAgent$jscomp$inline_150:Ka
vec__24360_24541:ju
vec__24367_24555:uu
